Archive member included because of file (symbol)

c:/program files/atmel/avr tools/avr toolchain/bin/../lib/gcc/avr/4.5.1/avr5\libgcc.a(_mulsi3.o)
                              ff.o (__mulsi3)
c:/program files/atmel/avr tools/avr toolchain/bin/../lib/gcc/avr/4.5.1/avr5\libgcc.a(_udivmodsi4.o)
                              ff.o (__udivmodsi4)
c:/program files/atmel/avr tools/avr toolchain/bin/../lib/gcc/avr/4.5.1/avr5\libgcc.a(_exit.o)
                              c:/program files/atmel/avr tools/avr toolchain/bin/../lib/gcc/avr/4.5.1/../../../../avr/lib/avr5/crtm16.o (exit)
c:/program files/atmel/avr tools/avr toolchain/bin/../lib/gcc/avr/4.5.1/avr5\libgcc.a(_copy_data.o)
                              main.o (__do_copy_data)
c:/program files/atmel/avr tools/avr toolchain/bin/../lib/gcc/avr/4.5.1/avr5\libgcc.a(_clear_bss.o)
                              main.o (__do_clear_bss)
c:/program files/atmel/avr tools/avr toolchain/bin/../lib/gcc/avr/4.5.1/../../../../avr/lib/avr5\libc.a(memset.o)
                              mmc-spi.o (memset)

Allocating common symbols
Common symbol       size              file

FatFs               0x226             main.o
mmc_cmd             0x6               mmc-spi.o
mmc_block           0x200             mmc-spi.o
Fil                 0x1a              main.o

Memory Configuration

Name             Origin             Length             Attributes
text             0x00000000         0x00020000         xr
data             0x00800060         0x0000ffa0         rw !x
eeprom           0x00810000         0x00010000         rw !x
fuse             0x00820000         0x00000400         rw !x
lock             0x00830000         0x00000400         rw !x
signature        0x00840000         0x00000400         rw !x
*default*        0x00000000         0xffffffff

Linker script and memory map

LOAD c:/program files/atmel/avr tools/avr toolchain/bin/../lib/gcc/avr/4.5.1/../../../../avr/lib/avr5/crtm16.o
LOAD spi.o
LOAD main.o
LOAD mmc-spi.o
LOAD ff.o
LOAD mysdmmc.o
LOAD c:/program files/atmel/avr tools/avr toolchain/bin/../lib/gcc/avr/4.5.1/avr5\libgcc.a
LOAD c:/program files/atmel/avr tools/avr toolchain/bin/../lib/gcc/avr/4.5.1/../../../../avr/lib/avr5\libc.a
LOAD c:/program files/atmel/avr tools/avr toolchain/bin/../lib/gcc/avr/4.5.1/avr5\libgcc.a

.hash
 *(.hash)

.dynsym
 *(.dynsym)

.dynstr
 *(.dynstr)

.gnu.version
 *(.gnu.version)

.gnu.version_d
 *(.gnu.version_d)

.gnu.version_r
 *(.gnu.version_r)

.rel.init
 *(.rel.init)

.rela.init
 *(.rela.init)

.rel.text
 *(.rel.text)
 *(.rel.text.*)
 *(.rel.gnu.linkonce.t*)

.rela.text
 *(.rela.text)
 *(.rela.text.*)
 *(.rela.gnu.linkonce.t*)

.rel.fini
 *(.rel.fini)

.rela.fini
 *(.rela.fini)

.rel.rodata
 *(.rel.rodata)
 *(.rel.rodata.*)
 *(.rel.gnu.linkonce.r*)

.rela.rodata
 *(.rela.rodata)
 *(.rela.rodata.*)
 *(.rela.gnu.linkonce.r*)

.rel.data
 *(.rel.data)
 *(.rel.data.*)
 *(.rel.gnu.linkonce.d*)

.rela.data
 *(.rela.data)
 *(.rela.data.*)
 *(.rela.gnu.linkonce.d*)

.rel.ctors
 *(.rel.ctors)

.rela.ctors
 *(.rela.ctors)

.rel.dtors
 *(.rel.dtors)

.rela.dtors
 *(.rela.dtors)

.rel.got
 *(.rel.got)

.rela.got
 *(.rela.got)

.rel.bss
 *(.rel.bss)

.rela.bss
 *(.rela.bss)

.rel.plt
 *(.rel.plt)

.rela.plt
 *(.rela.plt)

.text           0x00000000     0x1b58
 *(.vectors)
 .vectors       0x00000000       0x54 c:/program files/atmel/avr tools/avr toolchain/bin/../lib/gcc/avr/4.5.1/../../../../avr/lib/avr5/crtm16.o
                0x00000000                __vector_default
                0x00000000                __vectors
 *(.vectors)
 *(.progmem.gcc*)
 *(.progmem*)
                0x00000054                . = ALIGN (0x2)
                0x00000054                __trampolines_start = .
 *(.trampolines)
 .trampolines   0x00000054        0x0 linker stubs
 *(.trampolines*)
                0x00000054                __trampolines_end = .
 *(.jumptables)
 *(.jumptables*)
 *(.lowtext)
 *(.lowtext*)
                0x00000054                __ctors_start = .
 *(.ctors)
                0x00000054                __ctors_end = .
                0x00000054                __dtors_start = .
 *(.dtors)
                0x00000054                __dtors_end = .
 SORT(*)(.ctors)
 SORT(*)(.dtors)
 *(.init0)
 .init0         0x00000054        0x0 c:/program files/atmel/avr tools/avr toolchain/bin/../lib/gcc/avr/4.5.1/../../../../avr/lib/avr5/crtm16.o
                0x00000054                __init
 *(.init0)
 *(.init1)
 *(.init1)
 *(.init2)
 .init2         0x00000054        0xc c:/program files/atmel/avr tools/avr toolchain/bin/../lib/gcc/avr/4.5.1/../../../../avr/lib/avr5/crtm16.o
 *(.init2)
 *(.init3)
 *(.init3)
 *(.init4)
 .init4         0x00000060       0x16 c:/program files/atmel/avr tools/avr toolchain/bin/../lib/gcc/avr/4.5.1/avr5\libgcc.a(_copy_data.o)
                0x00000060                __do_copy_data
 .init4         0x00000076       0x10 c:/program files/atmel/avr tools/avr toolchain/bin/../lib/gcc/avr/4.5.1/avr5\libgcc.a(_clear_bss.o)
                0x00000076                __do_clear_bss
 *(.init4)
 *(.init5)
 *(.init5)
 *(.init6)
 *(.init6)
 *(.init7)
 *(.init7)
 *(.init8)
 *(.init8)
 *(.init9)
 .init9         0x00000086        0x8 c:/program files/atmel/avr tools/avr toolchain/bin/../lib/gcc/avr/4.5.1/../../../../avr/lib/avr5/crtm16.o
 *(.init9)
 *(.text)
 .text          0x0000008e        0x4 c:/program files/atmel/avr tools/avr toolchain/bin/../lib/gcc/avr/4.5.1/../../../../avr/lib/avr5/crtm16.o
                0x0000008e                __vector_1
                0x0000008e                __vector_12
                0x0000008e                __bad_interrupt
                0x0000008e                __vector_6
                0x0000008e                __vector_3
                0x0000008e                __vector_11
                0x0000008e                __vector_13
                0x0000008e                __vector_17
                0x0000008e                __vector_19
                0x0000008e                __vector_7
                0x0000008e                __vector_5
                0x0000008e                __vector_4
                0x0000008e                __vector_9
                0x0000008e                __vector_2
                0x0000008e                __vector_15
                0x0000008e                __vector_8
                0x0000008e                __vector_14
                0x0000008e                __vector_10
                0x0000008e                __vector_16
                0x0000008e                __vector_18
                0x0000008e                __vector_20
 .text          0x00000092       0xac spi.o
                0x00000092                spi_init
                0x000000b0                spi_send_byte
                0x000000b8                spi_receive_byte
                0x000000c4                spi_send_receive_byte
                0x000000ce                spi_send
                0x00000106                spi_receive
 .text          0x0000013e       0x90 main.o
                0x0000013e                main
                0x000001c4                get_fattime
 .text          0x000001ce      0x206 mmc-spi.o
                0x000001ce                mmc_response
                0x000001f4                mmc_init
                0x000002cc                mmc_read_block
                0x00000340                print_block
                0x00000366                mains
 .text          0x000003d4     0x166a ff.o
                0x00000a18                clust2sect
                0x00000a76                get_fat
                0x00001094                f_mount
                0x00001124                f_open
                0x00001222                f_read
                0x000014fa                f_close
                0x00001512                f_lseek
                0x000017de                f_opendir
                0x0000189c                f_closedir
                0x000018b4                f_readdir
                0x000019ae                f_stat
 .text          0x00001a3e       0x86 mysdmmc.o
                0x00001a3e                disk_status
                0x00001a4a                disk_read
                0x00001ab8                disk_initialize
 .text          0x00001ac4        0x0 c:/program files/atmel/avr tools/avr toolchain/bin/../lib/gcc/avr/4.5.1/avr5\libgcc.a(_mulsi3.o)
 .text          0x00001ac4        0x0 c:/program files/atmel/avr tools/avr toolchain/bin/../lib/gcc/avr/4.5.1/avr5\libgcc.a(_udivmodsi4.o)
 .text          0x00001ac4        0x0 c:/program files/atmel/avr tools/avr toolchain/bin/../lib/gcc/avr/4.5.1/avr5\libgcc.a(_exit.o)
 .text          0x00001ac4        0x0 c:/program files/atmel/avr tools/avr toolchain/bin/../lib/gcc/avr/4.5.1/avr5\libgcc.a(_copy_data.o)
 .text          0x00001ac4        0x0 c:/program files/atmel/avr tools/avr toolchain/bin/../lib/gcc/avr/4.5.1/avr5\libgcc.a(_clear_bss.o)
 .text          0x00001ac4        0x0 c:/program files/atmel/avr tools/avr toolchain/bin/../lib/gcc/avr/4.5.1/../../../../avr/lib/avr5\libc.a(memset.o)
                0x00001ac4                . = ALIGN (0x2)
 *(.text.*)
 .text.libgcc   0x00001ac4       0x3e c:/program files/atmel/avr tools/avr toolchain/bin/../lib/gcc/avr/4.5.1/avr5\libgcc.a(_mulsi3.o)
                0x00001ac4                __mulsi3
 .text.libgcc   0x00001b02       0x44 c:/program files/atmel/avr tools/avr toolchain/bin/../lib/gcc/avr/4.5.1/avr5\libgcc.a(_udivmodsi4.o)
                0x00001b02                __udivmodsi4
 .text.libgcc   0x00001b46        0x0 c:/program files/atmel/avr tools/avr toolchain/bin/../lib/gcc/avr/4.5.1/avr5\libgcc.a(_exit.o)
 .text.libgcc   0x00001b46        0x0 c:/program files/atmel/avr tools/avr toolchain/bin/../lib/gcc/avr/4.5.1/avr5\libgcc.a(_copy_data.o)
 .text.libgcc   0x00001b46        0x0 c:/program files/atmel/avr tools/avr toolchain/bin/../lib/gcc/avr/4.5.1/avr5\libgcc.a(_clear_bss.o)
 .text.avr-libc
                0x00001b46        0xe c:/program files/atmel/avr tools/avr toolchain/bin/../lib/gcc/avr/4.5.1/../../../../avr/lib/avr5\libc.a(memset.o)
                0x00001b46                memset
                0x00001b54                . = ALIGN (0x2)
 *(.fini9)
 .fini9         0x00001b54        0x0 c:/program files/atmel/avr tools/avr toolchain/bin/../lib/gcc/avr/4.5.1/avr5\libgcc.a(_exit.o)
                0x00001b54                _exit
                0x00001b54                exit
 *(.fini9)
 *(.fini8)
 *(.fini8)
 *(.fini7)
 *(.fini7)
 *(.fini6)
 *(.fini6)
 *(.fini5)
 *(.fini5)
 *(.fini4)
 *(.fini4)
 *(.fini3)
 *(.fini3)
 *(.fini2)
 *(.fini2)
 *(.fini1)
 *(.fini1)
 *(.fini0)
 .fini0         0x00001b54        0x4 c:/program files/atmel/avr tools/avr toolchain/bin/../lib/gcc/avr/4.5.1/avr5\libgcc.a(_exit.o)
 *(.fini0)
                0x00001b58                _etext = .

.data           0x00800060       0x18 load address 0x00001b58
                0x00800060                PROVIDE (__data_start, .)
 *(.data)
 .data          0x00800060        0x0 c:/program files/atmel/avr tools/avr toolchain/bin/../lib/gcc/avr/4.5.1/../../../../avr/lib/avr5/crtm16.o
 .data          0x00800060        0x0 spi.o
 .data          0x00800060        0x9 main.o
 .data          0x00800069        0x0 mmc-spi.o
 .data          0x00800069        0xf ff.o
 .data          0x00800078        0x0 mysdmmc.o
 .data          0x00800078        0x0 c:/program files/atmel/avr tools/avr toolchain/bin/../lib/gcc/avr/4.5.1/avr5\libgcc.a(_mulsi3.o)
 .data          0x00800078        0x0 c:/program files/atmel/avr tools/avr toolchain/bin/../lib/gcc/avr/4.5.1/avr5\libgcc.a(_udivmodsi4.o)
 .data          0x00800078        0x0 c:/program files/atmel/avr tools/avr toolchain/bin/../lib/gcc/avr/4.5.1/avr5\libgcc.a(_exit.o)
 .data          0x00800078        0x0 c:/program files/atmel/avr tools/avr toolchain/bin/../lib/gcc/avr/4.5.1/avr5\libgcc.a(_copy_data.o)
 .data          0x00800078        0x0 c:/program files/atmel/avr tools/avr toolchain/bin/../lib/gcc/avr/4.5.1/avr5\libgcc.a(_clear_bss.o)
 .data          0x00800078        0x0 c:/program files/atmel/avr tools/avr toolchain/bin/../lib/gcc/avr/4.5.1/../../../../avr/lib/avr5\libc.a(memset.o)
 *(.data*)
 *(.rodata)
 *(.rodata*)
 *(.gnu.linkonce.d*)
                0x00800078                . = ALIGN (0x2)
                0x00800078                _edata = .
                0x00800078                PROVIDE (__data_end, .)

.bss            0x00800078      0x44a
                0x00800078                PROVIDE (__bss_start, .)
 *(.bss)
 .bss           0x00800078        0x0 c:/program files/atmel/avr tools/avr toolchain/bin/../lib/gcc/avr/4.5.1/../../../../avr/lib/avr5/crtm16.o
 .bss           0x00800078        0x0 spi.o
 .bss           0x00800078        0x0 main.o
 .bss           0x00800078        0x0 mmc-spi.o
 .bss           0x00800078        0x4 ff.o
 .bss           0x0080007c        0x0 mysdmmc.o
 .bss           0x0080007c        0x0 c:/program files/atmel/avr tools/avr toolchain/bin/../lib/gcc/avr/4.5.1/avr5\libgcc.a(_mulsi3.o)
 .bss           0x0080007c        0x0 c:/program files/atmel/avr tools/avr toolchain/bin/../lib/gcc/avr/4.5.1/avr5\libgcc.a(_udivmodsi4.o)
 .bss           0x0080007c        0x0 c:/program files/atmel/avr tools/avr toolchain/bin/../lib/gcc/avr/4.5.1/avr5\libgcc.a(_exit.o)
 .bss           0x0080007c        0x0 c:/program files/atmel/avr tools/avr toolchain/bin/../lib/gcc/avr/4.5.1/avr5\libgcc.a(_copy_data.o)
 .bss           0x0080007c        0x0 c:/program files/atmel/avr tools/avr toolchain/bin/../lib/gcc/avr/4.5.1/avr5\libgcc.a(_clear_bss.o)
 .bss           0x0080007c        0x0 c:/program files/atmel/avr tools/avr toolchain/bin/../lib/gcc/avr/4.5.1/../../../../avr/lib/avr5\libc.a(memset.o)
 *(.bss*)
 *(COMMON)
 COMMON         0x0080007c      0x240 main.o
                0x0080007c                FatFs
                0x008002a2                Fil
 COMMON         0x008002bc      0x206 mmc-spi.o
                0x008002bc                mmc_cmd
                0x008002c2                mmc_block
                0x008004c2                PROVIDE (__bss_end, .)
                0x00001b58                __data_load_start = LOADADDR (.data)
                0x00001b70                __data_load_end = (__data_load_start + SIZEOF (.data))

.noinit         0x008004c2        0x0
                0x008004c2                PROVIDE (__noinit_start, .)
 *(.noinit*)
                0x008004c2                PROVIDE (__noinit_end, .)
                0x008004c2                _end = .
                0x008004c2                PROVIDE (__heap_start, .)

.eeprom         0x00810000        0x0
 *(.eeprom*)
                0x00810000                __eeprom_end = .

.fuse
 *(.fuse)
 *(.lfuse)
 *(.hfuse)
 *(.efuse)

.lock
 *(.lock*)

.signature
 *(.signature*)

.stab           0x00000000      0x738
 *(.stab)
 .stab          0x00000000      0x6cc c:/program files/atmel/avr tools/avr toolchain/bin/../lib/gcc/avr/4.5.1/../../../../avr/lib/avr5/crtm16.o
 .stab          0x000006cc       0x6c c:/program files/atmel/avr tools/avr toolchain/bin/../lib/gcc/avr/4.5.1/../../../../avr/lib/avr5\libc.a(memset.o)
                                 0x78 (size before relaxing)

.stabstr        0x00000000       0xe7
 *(.stabstr)
 .stabstr       0x00000000       0xe7 c:/program files/atmel/avr tools/avr toolchain/bin/../lib/gcc/avr/4.5.1/../../../../avr/lib/avr5/crtm16.o

.stab.excl
 *(.stab.excl)

.stab.exclstr
 *(.stab.exclstr)

.stab.index
 *(.stab.index)

.stab.indexstr
 *(.stab.indexstr)

.comment
 *(.comment)

.debug
 *(.debug)

.line
 *(.line)

.debug_srcinfo
 *(.debug_srcinfo)

.debug_sfnames
 *(.debug_sfnames)

.debug_aranges  0x00000000       0xa0
 *(.debug_aranges)
 .debug_aranges
                0x00000000       0x20 spi.o
 .debug_aranges
                0x00000020       0x20 main.o
 .debug_aranges
                0x00000040       0x20 mmc-spi.o
 .debug_aranges
                0x00000060       0x20 ff.o
 .debug_aranges
                0x00000080       0x20 mysdmmc.o

.debug_pubnames
                0x00000000      0x212
 *(.debug_pubnames)
 .debug_pubnames
                0x00000000       0x7d spi.o
 .debug_pubnames
                0x0000007d       0x3d main.o
 .debug_pubnames
                0x000000ba       0x77 mmc-spi.o
 .debug_pubnames
                0x00000131       0x9d ff.o
 .debug_pubnames
                0x000001ce       0x44 mysdmmc.o

.debug_info     0x00000000     0x1cb9
 *(.debug_info)
 .debug_info    0x00000000      0x1b1 spi.o
 .debug_info    0x000001b1      0x367 main.o
 .debug_info    0x00000518      0x389 mmc-spi.o
 .debug_info    0x000008a1     0x1237 ff.o
 .debug_info    0x00001ad8      0x1e1 mysdmmc.o
 *(.gnu.linkonce.wi.*)

.debug_abbrev   0x00000000      0x75a
 *(.debug_abbrev)
 .debug_abbrev  0x00000000       0xdf spi.o
 .debug_abbrev  0x000000df      0x13f main.o
 .debug_abbrev  0x0000021e      0x211 mmc-spi.o
 .debug_abbrev  0x0000042f      0x254 ff.o
 .debug_abbrev  0x00000683       0xd7 mysdmmc.o

.debug_line     0x00000000     0x1833
 *(.debug_line)
 .debug_line    0x00000000      0x1d6 spi.o
 .debug_line    0x000001d6      0x15c main.o
 .debug_line    0x00000332      0x43b mmc-spi.o
 .debug_line    0x0000076d      0xfff ff.o
 .debug_line    0x0000176c       0xc7 mysdmmc.o

.debug_frame    0x00000000      0x2a0
 *(.debug_frame)
 .debug_frame   0x00000000       0x70 spi.o
 .debug_frame   0x00000070       0x30 main.o
 .debug_frame   0x000000a0       0x60 mmc-spi.o
 .debug_frame   0x00000100      0x160 ff.o
 .debug_frame   0x00000260       0x40 mysdmmc.o

.debug_str      0x00000000      0x5de
 *(.debug_str)
 .debug_str     0x00000000       0xdf spi.o
                                0x11d (size before relaxing)
 .debug_str     0x000000df      0x1e9 main.o
                                0x2aa (size before relaxing)
 .debug_str     0x000002c8       0xeb mmc-spi.o
                                0x1d7 (size before relaxing)
 .debug_str     0x000003b3      0x1b1 ff.o
                                0x421 (size before relaxing)
 .debug_str     0x00000564       0x7a mysdmmc.o
                                0x178 (size before relaxing)

.debug_loc      0x00000000     0x1be5
 *(.debug_loc)
 .debug_loc     0x00000000      0x125 spi.o
 .debug_loc     0x00000125      0x198 mmc-spi.o
 .debug_loc     0x000002bd     0x1867 ff.o
 .debug_loc     0x00001b24       0xc1 mysdmmc.o

.debug_macinfo
 *(.debug_macinfo)
OUTPUT(blbox6.elf elf32-avr)
LOAD linker stubs

.debug_pubtypes
                0x00000000      0x17d
 .debug_pubtypes
                0x00000000       0x2b spi.o
 .debug_pubtypes
                0x0000002b       0x55 main.o
 .debug_pubtypes
                0x00000080       0x38 mmc-spi.o
 .debug_pubtypes
                0x000000b8       0x7f ff.o
 .debug_pubtypes
                0x00000137       0x46 mysdmmc.o

.debug_ranges   0x00000000       0xb0
 .debug_ranges  0x00000000       0xb0 ff.o
